$ git add cps/Lib/ cps/Tpl/ ms/ doc/ cps.php cps/Common/ cps/Conf/ cps/Lang/  statics/ data/
chmod -R 777 ./


Administrator@JG76ALN7Y22GGHS MINGW64 /d/software/phpStudy/WWW/99_ctw/msec.jieqiangtec.com (msec.jieqiangtec.com)
$ git log
commit 1df5b7ef8c3565890f3d050e163a70903a1f69d7
Author: 1569501393 <1569501393@qq.com>
Date:   Mon May 15 11:55:20 2017 +0800

    提交

commit a81d01a7e6220502eac9138c1cc4aebdad0dedc9
Merge: 5912001 e556852
Author: 1569501393 <1569501393@qq.com>
Date:   Mon May 15 09:23:29 2017 +0800

    提交

commit e556852007cc987a04a651db8bef506b3a8be167
Author: 1569501393 <1569501393@qq.com>
Date:   Sun May 14 21:14:51 2017 +0800

    佣金管理，海报管理

commit e9cdbfb85c1aa5f77b53d946583b175148518814
Author: 1569501393 <1569501393@qq.com>
Date:   Sat May 13 18:12:14 2017 +0800

    合同管理流程优化 二维码添加


$ git reset --soft e556852007cc987a04a651db8bef506b3a8be167
$ git checkout


Administrator@JG76ALN7Y22GGHS MINGW64 /d/software/phpStudy/WWW/99_ctw/msec.jieqiangtec.com (msec.jieqiangtec.com)
$ git checkout
M       cps/Lib/Action/baseAction.class.php
M       cps/Lib/Action/itemsAction.class.php
D       cps/Runtime/Cache/6748d5b480b09646a57d41dbfa127b36.php
D       cps/Runtime/Cache/8b41eeb3278f139483d738331ac9c6b0.php
M       cps/Tpl/default/public/header.html
M       "doc/cps-20170512\351\227\256\351\242\230\346\225\264\347\220\206.docx"
M       "doc/cps-20170512\351\227\256\351\242\230\346\225\264\347\220\206v1.2.docx"
A       "doc/cps-20170515\351\227\256\351\242\230\346\225\264\347\220\206.docx"
M       "doc/git\346\233\264\346\226\260\346\227\245\345\277\227.txt"
M       "doc/git\346\233\264\346\226\260\346\227\245\345\277\227.txt.bak"
M       ms/php_errors.log
A       "msec.jieqiangtec.com_20170512\345\205\250\351\207\217\345\244\207\344\273\275.zip"
Your branch is up-to-date with 'origin/msec.jieqiangtec.com'.




Administrator@JG76ALN7Y22GGHS MINGW64 /d/software/phpStudy/WWW/99_ctw/msec.jieqiangtec.com (msec.jieqiangtec.com)
$ git reset --soft e556852007cc987a04a651db8bef506b3a8be167

Administrator@JG76ALN7Y22GGHS MINGW64 /d/software/phpStudy/WWW/99_ctw/msec.jieqiangtec.com (msec.jieqiangtec.com)
$ git status
On branch msec.jieqiangtec.com
Your branch is up-to-date with 'origin/msec.jieqiangtec.com'.
Changes to be committed:
  (use "git reset HEAD <file>..." to unstage)

        modified:   cps/Lib/Action/baseAction.class.php
        modified:   cps/Lib/Action/itemsAction.class.php
        modified:   cps/Tpl/default/public/header.html
        modified:   "doc/cps-20170512\351\227\256\351\242\230\346\225\264\347\220\206.docx"
        modified:   "doc/cps-20170512\351\227\256\351\242\230\346\225\264\347\220\206v1.2.docx"
        new file:   "doc/cps-20170515\351\227\256\351\242\230\346\225\264\347\220\206.docx"
        modified:   "doc/git\346\233\264\346\226\260\346\227\245\345\277\227.txt"
        modified:   "doc/git\346\233\264\346\226\260\346\227\245\345\277\227.txt.bak"
        modified:   ms/php_errors.log
        new file:   "msec.jieqiangtec.com_20170512\345\205\250\351\207\217\345\244\207\344\273\275.zip"

Changes not staged for commit:
  (use "git add/rm <file>..." to update what will be committed)
  (use "git checkout -- <file>..." to discard changes in working directory)



Administrator@JG76ALN7Y22GGHS MINGW64 /d/software/phpStudy/WWW/99_ctw/msec.jieqi
$ git push
Username for 'https://github.com': 1569501393@qq.com
Counting objects: 35, done.
Delta compression using up to 4 threads.
Compressing objects: 100% (33/33), done.
Writing objects: 100% (35/35), 214.90 MiB | 69.00 KiB/s, done.
Total 35 (delta 26), reused 0 (delta 0)
remote: Resolving deltas: 100% (26/26), completed with 18 local objects.
remote: error: GH001: Large files detected. You may want to try Git Large File Storage - https://git-lfs.github.com.
remote: error: Trace: 515862828f4db749827ceb39fc5779fe
remote: error: See http://git.io/iEPt8g for more information.
remote: error: File msec.jieqiangtec.com_20170512全量备份.zip is 219.15 MB; this exceeds GitHub's file size limit of 100.00 MB
To https://github.com/1569501393/www.ctw.com.git
 ! [remote rejected] msec.jieqiangtec.com -> msec.jieqiangtec.com (pre-receive hook declined)
error: failed to push some refs to 'https://github.com/1569501393/www.ctw.com.git'


Administrator@JG76ALN7Y22GGHS MINGW64 /d/software/phpStudy/WWW/99_ctw/msec.jieqiangtec.com (msec.jieqiangtec.com)
$ git status
On branch msec.jieqiangtec.com
Your branch is ahead of 'origin/msec.jieqiangtec.com' by 4 commits.
  (use "git push" to publish your local commits)
Changes not staged for commit:
  (use "git add/rm <file>..." to update what will be committed)
  (use "git checkout -- <file>..." to discard changes in working directory)

        deleted:    cps/Runtime/Cache/6748d5b480b09646a57d41dbfa127b36.php
        deleted:    cps/Runtime/Cache/8b41eeb3278f139483d738331ac9c6b0.php


<<<<<<< HEAD
".git/MERGE_MSG" 7L, 337C written
Merge made by the 'recursive' strategy.
 cps/Lib/Action/contractAction.class.php                                                                                                              |   32 +-
 cps/Lib/Action/itemsAction.class.php                                                                                                                 |   66 ++-
 cps/Tpl/default/contract/edit.html                                                                                                                   |    4 +-
 cps/Tpl/default/contract/index.html                                                                                                                  |   22 +-
 cps/Tpl/default/public/footer.html                                                                                                                   |   26 +-
 data/contract/59129947850ab.xlsx                                                                                                                     |  Bin 0 -> 8798 bytes
 data/contract/59129a992eefb.xlsx                                                                                                                     |  Bin 0 -> 8798 bytes
 data/contract/59129ac14f7aa.xlsx                                                                                                                     |  Bin 0 -> 8798 bytes
 data/contract/5912c9fd5118a.xlsx                                                                                                                     |  Bin 0 -> 8837 bytes
 data/contract/5912dea662117.xlsx                                                                                                                     |  Bin 0 -> 8837 bytes
 data/contract/5912dec6dd532.xlsx                                                                                                                     |  Bin 0 -> 8687 bytes
 data/contract/5912defbdb229.xlsx                                                                                                                     |  Bin 0 -> 8836 bytes
 data/contract/5912dfd392383.xlsx                                                                                                                     |  Bin 0 -> 8687 bytes
 data/qrcode/a1234561494565207.jpg                                                                                                                    |  Bin 0 -> 98063 bytes
 data/qrcode/header.jpg                                                                                                                               |  Bin 0 -> 886 bytes
 data/qrcode/poster_bg.jpg                                                                                                                            |  Bin 0 -> 77371 bytes
 data/qrcode/qrcode.jpg                                                                                                                               |  Bin 0 -> 30573 bytes
 data/qrcode/qrcode2.jpg                                                                                                                              |  Bin 0 -> 43097 bytes
 "data/qrcode/\345\217\202\346\225\260\344\272\214\347\273\264\347\240\201.jpg"                                                                       |  Bin 0 -> 38262 bytes
 "data/qrcode/\346\226\260\345\273\272\346\226\207\346\234\254\346\226\207\346\241\243.txt"                                                           |   15 +
 "data/qrcode/\346\265\267\346\212\245\345\272\225\345\233\276.jpg"                                                                                   |  Bin 0 -> 77371 bytes
 "data/qrcode/\347\224\250\346\210\267\345\244\264\345\203\217\344\277\241\346\201\257.jpg"                                                           |  Bin 0 -> 886 bytes
 "doc/CPS\350\201\224\347\233\237\347\263\273\347\273\237\351\234\200\346\261\20200000000.docx"                                                       |  Bin 0 -> 2231348 bytes
 "doc/git\346\233\264\346\226\260\346\227\245\345\277\227.txt"                                                                                        |   77 ++-
 "doc/git\346\233\264\346\226\260\346\227\245\345\277\227.txt.bak"                                                                                    |  125 +++++
 ...274\217_\350\256\242\345\215\225\350\241\250\345\222\214\344\275\243\351\207\221\350\256\276\347\275\256\350\241\250\345\206\227\344\275\231.zip" |  Bin 0 -> 2680275 bytes
 "doc/php\345\276\256\344\277\241\346\265\267\346\212\245\344\272\214\347\273\264\347\240\201\347\224\237\346\210\220\345\231\250.zip"                |  Bin 0 -> 435207 bytes
 "doc/~$S\350\201\224\347\233\237\347\263\273\347\273\237\351\234\200\346\261\20220170511.docx"                                                       |  Bin 162 -> 0 bytes
 ms/contractmanager.php                                                                                                                               |    2 +-
 ms/footer.php                                                                                                                                        |    4 +-
 ms/php_errors.log                                                                                                                                    |    6 +
 statics/cps/plugins/bootstrap-datepicker/dist/locales/bootstrap-datepicker.js                                                                        | 2043 ++++++++++++++++++++++++++++++++++++++++++++++++++++++++++++++++++++++++++++++
 statics/cps/plugins/bootstrap-datepicker/dist/locales/bootstrap-datepicker.zh-CN.js                                                                  |   18 +
 33 files changed, 2412 insertions(+), 28 deletions(-)
=======
Administrator@PC-201604171411 MINGW64 /d/WWW/99_ctw/msec2.jieqiangtec.com (msec.jieqiangtec.com)
$ git status
On branch msec.jieqiangtec.com
Your branch is up-to-date with 'origin/msec.jieqiangtec.com'.
Changes to be committed:
  (use "git reset HEAD <file>..." to unstage)

        modified:   cps/Lib/Action/contractAction.class.php
        modified:   cps/Lib/Action/financeAction.class.php
        modified:   cps/Tpl/default/finance/commission.html
        modified:   cps/Tpl/default/finance/push.html
        modified:   cps/Tpl/default/items/index.html
        new file:   data/contract/59180b3234503.xlsx
        new file:   data/contract/591815ba60c3c.xlsx
        new file:   data/contract/59181605def9f.xlsx
        new file:   data/contract/5918161e03f61.xlsx
        new file:   data/contract/591817dbafe6f.xlsx
        new file:   data/contract/591818697b10c.xlsx
        new file:   data/contract/5918202e0428b.xlsx
        new file:   data/contract/5918218ce62cf.xlsx
        new file:   data/contract/5918513cf3fea.xlsx
        new file:   data/contract/5918529149b2a.xlsx
        new file:   data/contract/5918536c721ca.xlsx
        new file:   data/contract/591853e97e5b2.xlsx
        new file:   data/qrcode/a1234561494749888.jpg
        new file:   data/qrcode/a1234561494749894.jpg
        new file:   data/qrcode/a1234561494749901.jpg
        modified:   "data/qrcode/\346\226\260\345\273\272\346\226\207\346\234\254\346\226\207\346\241\243.txt"
        modified:   "doc/CPS\350\201\224\347\233\237\347\263\273\347\273\237\345\256\211\346\216\22220170506.xlsx"
        modified:   "doc/CPS\350\201\224\347\233\237\347\263\273\347\273\237\351\234\200\346\261\20200000000.docx"
        modified:   "doc/cps-20170512\351\227\256\351\242\230\346\225\264\347\220\206v1.2.docx"
        modified:   "doc/git\346\233\264\346\226\260\346\227\245\345\277\227.txt"
        deleted:    "doc/~$s-20170512\351\227\256\351\242\230\346\225\264\347\220\206.docx"
        new file:   "doc/\345\212\237\350\203\275\345\256\214\346\210\220\350\257\264\346\230\216_20170514.docx"
        new file:   "doc/\345\257\274\345\205\245\350\241\250\346\240\274\346\240\267\345\274\217_20170509v1.5.xlsx"
        new file:   "doc/\345\257\274\345\205\245\350\241\250\346\240\274\346\240\267\345\274\217_20170509v1.6.xlsx"


Administrator@PC-201604171411 MINGW64 /d/WWW/99_ctw/msec2.jieqiangtec.com (msec.jieqiangtec.com)
$ git status
On branch msec.jieqiangtec.com
Your branch is up-to-date with 'origin/msec.jieqiangtec.com'.
Changes to be committed:
  (use "git reset HEAD <file>..." to unstage)

        modified:   cps/Lib/Action/contractAction.class.php
        modified:   cps/Lib/Action/financeAction.class.php
        modified:   cps/Lib/Action/itemsAction.class.php
        new file:   "cps/Lib/Action/itemsAction.class_20170513\344\272\214\347\273\264\347\240\201ok.rar"
        new file:   "cps/Tpl/default/admin/edit - \345\211\257\346\234\254 (2).html"
        new file:   "cps/Tpl/default/admin/edit - \345\211\257\346\234\254 (3).html"
        modified:   cps/Tpl/default/admin/edit.html
        copied:     cps/Tpl/default/admin/edit.html -> cps/Tpl/default/admin/info.html
        modified:   cps/Tpl/default/contract/index.html
        modified:   cps/Tpl/default/finance/push.html
        modified:   cps/Tpl/default/items/index.html
        modified:   cps/Tpl/default/public/footer.html
        modified:   cps/Tpl/default/public/header.html
        new file:   data/contract/5910af3960ff8.xlsx
        new file:   data/contract/5911e7ed97b89.xlsx
        new file:   data/contract/5911e89a10308.xlsx
        new file:   data/contract/5916d71121cbc.xlsx
        new file:   data/contract/5916d7cd0104d.xlsx
        new file:   data/contract/5916d8990ab44.xlsx
        new file:   data/contract/5916d972b8a48.xlsx
        new file:   data/contract/5916da4082632.xlsx
        new file:   data/contract/5916daa8b893b.xlsx
        new file:   data/qrcode/a1234561494643437.jpg
        new file:   data/qrcode/a1234561494648480.jpg
        new file:   data/qrcode/a1234561494661257.jpg
        new file:   data/qrcode/a1234561494661273.jpg
        new file:   data/qrcode/a1234561494661628.jpg
        new file:   data/qrcode/a1234561494661630.jpg
        new file:   data/qrcode/myqrcode111ss.jpg
        new file:   "data/qrcode/poster_bg - \345\211\257\346\234\254.jpg"
        copied:     data/qrcode/qrcode.jpg -> "data/qrcode/qrcode - \345\211\257\346\234\254.jpg"
        modified:   data/qrcode/qrcode.jpg
        new file:   data/qrcode/qrcode3.jpg
        new file:   data/qrcode/tmp/qrcode2_1494647573.png
        new file:   data/qrcode/tmp/qrcode2_1494647949.png
        new file:   data/qrcode/tmp/qrcode2_1494647989.png
        new file:   data/qrcode/tmp/qrcode2_1494648045.png
        new file:   data/qrcode/tmp/qrcode2_1494648063.png
        new file:   data/qrcode/tmp/qrcode2_1494648134.jpg
        new file:   data/qrcode/tmp/qrcode2_1494648167.jpg
        new file:   data/qrcode/tmp/qrcode_1494644179.png
        new file:   data/qrcode/tmp/qrcode_1494644712.png
        new file:   data/qrcode/tmp/ssqrcode_1494650225.jpg
        new file:   data/qrcode/tmp/ssqrcode_1494655322.jpg
        new file:   data/qrcode/tmp/ssqrcode_1494657925.jpg
        new file:   data/qrcode/tmp/ssqrcode_1494657956.jpg
        new file:   data/qrcode/tmp/ssqrcode_1494657962.jpg
        new file:   data/qrcode/tmp/ssqrcode_1494657981.jpg
        new file:   data/qrcode/tmp/ssqrcode_1494657992.jpg
        new file:   data/qrcode/tmp/ssqrcode_1494658061.jpg
        new file:   data/qrcode/tmp/ssqrcode_1494658082.jpg
        new file:   data/qrcode/tmp/ssqrcode_1494658168.jpg
        new file:   data/qrcode/tmp/ssqrcode_1494658638.jpg
        new file:   data/qrcode/tmp/ssqrcode_1494658641.jpg
        new file:   data/qrcode/tmp/ssqrcode_1494658646.jpg
        new file:   data/qrcode/tmp/ssqrcode_1494658755.jpg
        new file:   data/qrcode/tmp/ssqrcode_1494658791.jpg
        new file:   data/qrcode/tmp/ssqrcode_1494658856.jpg
        new file:   data/qrcode/tmp/ssqrcode_1494658865.jpg
        new file:   data/qrcode/tmp/ssqrcode_1494658876.jpg
        new file:   data/qrcode/tmp/ssqrcode_1494658883.jpg
        new file:   data/qrcode/tmp/ssqrcode_1494658890.jpg
        new file:   data/qrcode/tmp/ssqrcode_1494659008.jpg
        new file:   data/qrcode/tmp/ssqrcode_1494659010.jpg
        new file:   data/qrcode/tmp/ssqrcode_1494659027.jpg
        new file:   data/qrcode/tmp/ssqrcode_1494659139.jpg
        new file:   data/qrcode/tmp/ssqrcode_1494659145.jpg
        new file:   data/qrcode/tmp/ssqrcode_1494659149.jpg
        new file:   data/qrcode/tmp/ssqrcode_1494659155.jpg
        new file:   data/qrcode/tmp/ssqrcode_1494659288.jpg
        new file:   data/qrcode/tmp/ssqrcode_1494659309.jpg
        new file:   data/qrcode/tmp/ssqrcode_1494659325.jpg
        new file:   data/qrcode/tmp/ssqrcode_1494659784.jpg
        new file:   data/qrcode/tmp/ssqrcode_1494659791.jpg
        new file:   data/qrcode/tmp/ssqrcode_1494659915.jpg
        new file:   data/qrcode/tmp/ssqrcode_1494659957.jpg
        new file:   data/qrcode/tmp/ssqrcode_1494659965.jpg
        new file:   data/qrcode/tmp/ssqrcode_1494659985.jpg
        new file:   data/qrcode/tmp/ssqrcode_1494660071.jpg
        new file:   data/qrcode/tmp/ssqrcode_1494660110.jpg
        new file:   data/qrcode/tmp/ssqrcode_1494660133.jpg
        new file:   data/qrcode/tmp/ssqrcode_1494660140.jpg
        new file:   data/qrcode/tmp/ssqrcode_1494660251.jpg
        new file:   data/qrcode/tmp/ssqrcode_1494660264.jpg
        new file:   data/qrcode/tmp/ssqrcode_1494660272.jpg
        new file:   data/qrcode/tmp/ssqrcode_1494660281.jpg
        new file:   data/qrcode/tmp/ssqrcode_1494660409.jpg
        new file:   data/qrcode/tmp/ssqrcode_1494660671.jpg
        new file:   data/qrcode/tmp/ssqrcode_1494660821.jpg
        modified:   "doc/CPS\350\201\224\347\233\237\347\263\273\347\273\237\351\234\200\346\261\20200000000.docx"
        deleted:    "doc/CPS\350\201\224\347\233\237\347\263\273\347\273\237\351\234\200\346\261\20220170427.docx"
        deleted:    "doc/CPS\350\201\224\347\233\237\347\263\273\347\273\237\351\234\200\346\261\20220170428.docx"
        deleted:    "doc/CPS\350\201\224\347\233\237\347\263\273\347\273\237\351\234\200\346\261\20220170501.docx"
        deleted:    "doc/CPS\350\201\224\347\233\237\347\263\273\347\273\237\351\234\200\346\261\20220170502.docx"
        deleted:    "doc/CPS\350\201\224\347\233\237\347\263\273\347\273\237\351\234\200\346\261\20220170503.docx"
        deleted:    "doc/CPS\350\201\224\347\233\237\347\263\273\347\273\237\351\234\200\346\261\20220170504.docx"
        deleted:    "doc/CPS\350\201\224\347\233\237\347\263\273\347\273\237\351\234\200\346\261\20220170505.docx"
        deleted:    "doc/CPS\350\201\224\347\233\237\347\263\273\347\273\237\351\234\200\346\261\20220170506.docx"
        deleted:    "doc/CPS\350\201\224\347\233\237\347\263\273\347\273\237\351\234\200\346\261\20220170508.docx"
        deleted:    "doc/CPS\350\201\224\347\233\237\347\263\273\347\273\237\351\234\200\346\261\20220170509.docx"
        deleted:    "doc/CPS\350\201\224\347\233\237\347\263\273\347\273\237\351\234\200\346\261\20220170510.docx"
        modified:   "doc/cps-20170511\351\227\256\351\242\230\346\225\264\347\220\206v1.2.docx"
        new file:   "doc/cps-20170512\351\227\256\351\242\230\346\225\264\347\220\206.docx"
        new file:   "doc/cps-20170512\351\227\256\351\242\230\346\225\264\347\220\206v1.2.docx"
        modified:   "doc/git\346\233\264\346\226\260\346\227\245\345\277\227.txt"
        renamed:    "doc/~$\347\263\273\347\273\237\346\225\260\346\215\256\345\272\223\350\256\276\350\256\241\350\247\204\346\240\27420170427v2.1.doc" -> "doc/~$s-20170512\351\227\256\351\242\230\346\225\264\347\220\206.docx"
        modified:   "doc/\350\201\224\347\233\237\347\263\273\347\273\237\346\225\260\346\215\256\345\272\223\350\256\276\350\256\241\350\247\204\346\240\27420170427v2.1.doc"
        new file:   statics/cps/fonts/simsun.ttc


Administrator@PC-201604171411 MINGW64 /d/WWW/99_ctw/msec2.jieqiangtec.com (msec.                                                                                                                jieqiangtec.com)
$ git pull
remote: Counting objects: 44, done.
remote: Compressing objects: 100% (18/18), done.
remote: Total 44 (delta 24), reused 44 (delta 24), pack-reused 0
Unpacking objects: 100% (44/44), done.
From github.com:1569501393/www.ctw.com
   e80fe89..5bd737a  msec.jieqiangtec.com -> origin/msec.jieqiangtec.com
Updating e80fe89..5bd737a
Checking out files: 100% (33/33), done.
Fast-forward
 cps/Lib/Action/contractAction.class.php            |   32 +-
 cps/Lib/Action/itemsAction.class.php               |   66 +-
 cps/Tpl/default/contract/edit.html                 |    4 +-
 cps/Tpl/default/contract/index.html                |   22 +-
 cps/Tpl/default/public/footer.html                 |   26 +-
 data/contract/59129947850ab.xlsx                   |  Bin 0 -> 8798 bytes
 data/contract/59129a992eefb.xlsx                   |  Bin 0 -> 8798 bytes
 data/contract/59129ac14f7aa.xlsx                   |  Bin 0 -> 8798 bytes
 data/contract/5912c9fd5118a.xlsx                   |  Bin 0 -> 8837 bytes
 data/contract/5912dea662117.xlsx                   |  Bin 0 -> 8837 bytes
 data/contract/5912dec6dd532.xlsx                   |  Bin 0 -> 8687 bytes
 data/contract/5912defbdb229.xlsx                   |  Bin 0 -> 8836 bytes
 data/contract/5912dfd392383.xlsx                   |  Bin 0 -> 8687 bytes
 data/qrcode/a1234561494565207.jpg                  |  Bin 0 -> 98063 bytes
 data/qrcode/header.jpg                             |  Bin 0 -> 886 bytes
 data/qrcode/poster_bg.jpg                          |  Bin 0 -> 77371 bytes
 data/qrcode/qrcode.jpg                             |  Bin 0 -> 30573 bytes
 data/qrcode/qrcode2.jpg                            |  Bin 0 -> 43097 bytes
 ...25\260\344\272\214\347\273\264\347\240\201.jpg" |  Bin 0 -> 38262 bytes
 ...26\207\346\234\254\346\226\207\346\241\243.txt" |   15 +
 ...65\267\346\212\245\345\272\225\345\233\276.jpg" |  Bin 0 -> 77371 bytes
 ...44\264\345\203\217\344\277\241\346\201\257.jpg" |  Bin 0 -> 886 bytes
 ...7\273\237\351\234\200\346\261\20200000000.docx" |  Bin 0 -> 2231348 bytes
 ...33\264\346\226\260\346\227\245\345\277\227.txt" |   40 +-
 ...64\346\226\260\346\227\245\345\277\227.txt.bak" |  125 ++
 ...75\256\350\241\250\345\206\227\344\275\231.zip" |  Bin 0 -> 2680275 bytes
 ...40\201\347\224\237\346\210\220\345\231\250.zip" |  Bin 0 -> 435207 bytes
 ...7\273\237\351\234\200\346\261\20220170511.docx" |  Bin 162 -> 0 bytes
 ms/contractmanager.php                             |    2 +-
 ms/footer.php                                      |    4 +-
 ms/php_errors.log                                  |    6 +
 .../dist/locales/bootstrap-datepicker.js           | 2043 ++++++++++++++++++++
 .../dist/locales/bootstrap-datepicker.zh-CN.js     |   18 +
 33 files changed, 2375 insertions(+), 28 deletions(-)
>>>>>>> e556852007cc987a04a651db8bef506b3a8be167
 create mode 100644 data/contract/59129947850ab.xlsx
 create mode 100644 data/contract/59129a992eefb.xlsx
 create mode 100644 data/contract/59129ac14f7aa.xlsx
 create mode 100644 data/contract/5912c9fd5118a.xlsx
 create mode 100644 data/contract/5912dea662117.xlsx
 create mode 100644 data/contract/5912dec6dd532.xlsx
 create mode 100644 data/contract/5912defbdb229.xlsx
 create mode 100644 data/contract/5912dfd392383.xlsx
 create mode 100644 data/qrcode/a1234561494565207.jpg
 create mode 100644 data/qrcode/header.jpg
 create mode 100644 data/qrcode/poster_bg.jpg
 create mode 100644 data/qrcode/qrcode.jpg
 create mode 100644 data/qrcode/qrcode2.jpg
 create mode 100644 "data/qrcode/\345\217\202\346\225\260\344\272\214\347\273\264\347\240\201.jpg"
 create mode 100644 "data/qrcode/\346\226\260\345\273\272\346\226\207\346\234\254\346\226\207\346\241\243.txt"
 create mode 100644 "data/qrcode/\346\265\267\346\212\245\345\272\225\345\233\276.jpg"
 create mode 100644 "data/qrcode/\347\224\250\346\210\267\345\244\264\345\203\217\344\277\241\346\201\257.jpg"
 create mode 100644 "doc/CPS\350\201\224\347\233\237\347\263\273\347\273\237\351\234\200\346\261\20200000000.docx"
 create mode 100644 "doc/msec_ftp20170512\351\200\206\350\214\203\345\274\217_\350\256\242\345\215\225\350\241\250\345\222\214\344\275\243\351\207\221\350\256\276\347\275\256\350\241\250\345\206\227\344\275\231.zip"
 create mode 100644 "doc/php\345\276\256\344\277\241\346\265\267\346\212\245\344\272\214\347\273\264\347\240\201\347\224\237\346\210\220\345\231\250.zip"
 delete mode 100644 "doc/~$S\350\201\224\347\233\237\347\263\273\347\273\237\351\234\200\346\261\20220170511.docx"
 create mode 100644 statics/cps/plugins/bootstrap-datepicker/dist/locales/bootstrap-datepicker.js
 create mode 100644 statics/cps/plugins/bootstrap-datepicker/dist/locales/bootstrap-datepicker.zh-CN.js


<<<<<<< HEAD
=======

>>>>>>> e556852007cc987a04a651db8bef506b3a8be167
        modified:   cps/Lib/Action/contractAction.class.php
        modified:   cps/Lib/Action/itemsAction.class.php
        modified:   cps/Tpl/default/contract/edit.html
        modified:   cps/Tpl/default/contract/index.html
        modified:   cps/Tpl/default/public/footer.html
        new file:   data/contract/59129947850ab.xlsx
        new file:   data/contract/59129a992eefb.xlsx
        new file:   data/contract/59129ac14f7aa.xlsx
        new file:   data/contract/5912c9fd5118a.xlsx
        new file:   data/contract/5912dea662117.xlsx
        new file:   data/contract/5912dec6dd532.xlsx
        new file:   data/contract/5912defbdb229.xlsx
        new file:   data/contract/5912dfd392383.xlsx
        new file:   data/qrcode/a1234561494565207.jpg
        new file:   data/qrcode/header.jpg
        new file:   data/qrcode/poster_bg.jpg
        new file:   data/qrcode/qrcode.jpg
        new file:   data/qrcode/qrcode2.jpg
        new file:   "data/qrcode/\345\217\202\346\225\260\344\272\214\347\273\264\347\240\201.jpg"
        new file:   "data/qrcode/\346\226\260\345\273\272\346\226\207\346\234\254\346\226\207\346\241\243.txt"
        new file:   "data/qrcode/\346\265\267\346\212\245\345\272\225\345\233\276.jpg"
        new file:   "data/qrcode/\347\224\250\346\210\267\345\244\264\345\203\217\344\277\241\346\201\257.jpg"
        new file:   "doc/CPS\350\201\224\347\233\237\347\263\273\347\273\237\351\234\200\346\261\20200000000.docx"
        modified:   "doc/git\346\233\264\346\226\260\346\227\245\345\277\227.txt"
        modified:   "doc/git\346\233\264\346\226\260\346\227\245\345\277\227.txt.bak"
        new file:   "doc/msec_ftp20170512\351\200\206\350\214\203\345\274\217_\350\256\242\345\215\225\350\241\250\345\222\214\344\275\243\351\207\221\350\256\276\347\275\256\350\241\250\345\206\227\344\275\231.zip"
        new file:   "doc/php\345\276\256\344\277\241\346\265\267\346\212\245\344\272\214\347\273\264\347\240\201\347\224\237\346\210\220\345\231\250.zip"
        deleted:    "doc/~$S\350\201\224\347\233\237\347\263\273\347\273\237\351\234\200\346\261\20220170511.docx"
        modified:   ms/contractmanager.php
        modified:   ms/footer.php
        modified:   ms/php_errors.log
        new file:   statics/cps/plugins/bootstrap-datepicker/dist/locales/bootstrap-datepicker.js
        new file:   statics/cps/plugins/bootstrap-datepicker/dist/locales/bootstrap-datepicker.zh-CN.js



".git/MERGE_MSG" 7L, 339C written
Merge made by the 'recursive' strategy.
 cps/Lib/Action/analyseAction.class.php                                                                    |  300 +++++++--------
 cps/Lib/Action/contractAction.class.php                                                                   | 1048 +++++++++++++++++++++++++++-------------------------
 cps/Lib/Action/contractAction.class_20170511.zip                                                          |  Bin 0 -> 5545 bytes
 cps/Lib/Action/financeAction.class.php                                                                    |  201 ++++++++--
 cps/Tpl/default/analyse/index.html                                                                        |   60 +--
 "cps/Tpl/default/contract/index - \345\211\257\346\234\254.html"                                          |  446 +++++++++++++++-------
 cps/Tpl/default/contract/index.html                                                                       |  134 ++++---
 "cps/Tpl/default/contract/index_20170512\345\244\232\347\254\246\345\217\267.rar"                         |  Bin 0 -> 2841 bytes
 "cps/Tpl/default/contract/index_20170512\345\244\232\347\254\246\345\217\267ok.rar"                       |  Bin 0 -> 2881 bytes
 cps/Tpl/default/finance/finance.html                                                                      |  516 +++++++-------------------
 cps/Tpl/default/finance/settle.html                                                                       |  512 +++++++------------------
 cps/Tpl/default/public/footer.html                                                                        |   14 +-
 "doc/CPS\350\201\224\347\233\237\347\263\273\347\273\237\345\256\211\346\216\22220170506.xlsx"            |  Bin 11183 -> 11378 bytes
 "doc/CPS\350\201\224\347\233\237\347\263\273\347\273\237\351\234\200\346\261\20220170511.docx"            |  Bin 0 -> 2228785 bytes
 "doc/cps-20170511\351\227\256\351\242\230\346\225\264\347\220\206.docx"                                   |  Bin 0 -> 26978 bytes
 "doc/cps-20170511\351\227\256\351\242\230\346\225\264\347\220\206v1.2.docx"                               |  Bin 0 -> 49910 bytes
 "doc/git\346\233\264\346\226\260\346\227\245\345\277\227.txt"                                             |   55 +++
 doc/logo2.png                                                                                             |  Bin 0 -> 186857 bytes
 "doc/~$S\350\201\224\347\233\237\347\263\273\347\273\237\351\234\200\346\261\20220170511.docx"            |  Bin 0 -> 162 bytes
 ...7\346\225\260\346\215\256\345\272\223\350\256\276\350\256\241\350\247\204\346\240\27420170427v2.1.doc" |  Bin 0 -> 162 bytes
 "doc/\345\220\210\345\220\214\350\257\246\346\203\205_s10019_222_20170511191148.xls"                      |  Bin 0 -> 19456 bytes
 "doc/\346\226\260\345\273\272\346\226\207\346\234\254\346\226\207\346\241\243.txt"                        |    5 +
 ...7\346\225\260\346\215\256\345\272\223\350\256\276\350\256\241\350\247\204\346\240\27420170427v2.1.doc" |  Bin 397349 -> 398921 bytes
 ms/php_errors.log                                                                                         |    2 +
 24 files changed, 1615 insertions(+), 1678 deletions(-)
 create mode 100644 cps/Lib/Action/contractAction.class_20170511.zip
 create mode 100644 "cps/Tpl/default/contract/index_20170512\345\244\232\347\254\246\345\217\267.rar"
 create mode 100644 "cps/Tpl/default/contract/index_20170512\345\244\232\347\254\246\345\217\267ok.rar"
 create mode 100644 "doc/CPS\350\201\224\347\233\237\347\263\273\347\273\237\351\234\200\346\261\20220170511.docx"
 create mode 100644 "doc/cps-20170511\351\227\256\351\242\230\346\225\264\347\220\206.docx"
 create mode 100644 "doc/cps-20170511\351\227\256\351\242\230\346\225\264\347\220\206v1.2.docx"
 create mode 100644 doc/logo2.png
 create mode 100644 "doc/~$S\350\201\224\347\233\237\347\263\273\347\273\237\351\234\200\346\261\20220170511.docx"
 create mode 100644 "doc/~$\347\263\273\347\273\237\346\225\260\346\215\256\345\272\223\350\256\276\350\256\241\350\247\204\346\240\27420170427v2.1.doc"
 create mode 100644 "doc/\345\220\210\345\220\214\350\257\246\346\203\205_s10019_222_20170511191148.xls"


Administrator@PC-201604171411 MINGW64 /d/WWW/99_ctw/msec2.jieqiangtec.com (msec.                                                                                                                jieqiangtec.com)
$ git pull
Updating 85c8c29..6ca8eff
Fast-forward
 config.inc.php                                     |    2 +-
 cps/Lib/Action/analyseAction.class.php             |  311 ++---
 cps/Lib/Action/contractAction.class.php            |  124 +-
 cps/Lib/Action/contractAction.class_20170511.zip   |  Bin 0 -> 5545 bytes
 cps/Lib/Action/financeAction.class.php             |   24 +-
 cps/Lib/Action/itemsAction.class.php               | 1409 ++++++++++----------
 cps/Tpl/default/analyse/index.html                 |  292 ++--
 cps/Tpl/default/contract/edit.html                 |  157 +--
 ...\274\345\205\245\345\220\210\345\220\214ok.zip" |  Bin 0 -> 2174 bytes
 cps/Tpl/default/contract/index.html                |   21 +-
 cps/Tpl/default/finance/commission.html            |  415 +++---
 cps/Tpl/default/finance/finance.html               |  580 +++++---
 cps/Tpl/default/finance/push.html                  |   25 +-
 cps/Tpl/default/finance/settle.html                |  574 +++++---
 cps/Tpl/default/items/index.html                   |  352 +++--
 cps/Tpl/default/items/poster.html                  |  439 +++---
 ...7\273\237\345\256\211\346\216\22220170506.xlsx" |  Bin 11140 -> 11183 bytes
 ...7\273\237\351\234\200\346\261\20220170510.docx" |  Bin 0 -> 2228105 bytes
 ...7\256\351\242\230\346\225\264\347\220\206.docx" |  Bin 0 -> 119457 bytes
 ...6\351\242\230\346\225\264\347\220\206v1.2.docx" |  Bin 0 -> 178046 bytes
 ...7\256\351\242\230\346\225\264\347\220\206.docx" |  Bin 0 -> 26978 bytes
 ...6\351\242\230\346\225\264\347\220\206v1.2.docx" |  Bin 0 -> 49910 bytes
 ...33\264\346\226\260\346\227\245\345\277\227.txt" |   46 +
 ...64\346\226\260\346\227\245\345\277\227.txt.bak" |  145 ++
 doc/logo2.png                                      |  Bin 0 -> 186857 bytes
 ...345\212\240shop_id\345\255\227\346\256\265.zip" |  Bin 0 -> 2677625 bytes
 ...\246\346\203\205_s10019_222_20170511191148.xls" |  Bin 0 -> 19456 bytes
 ...\274\346\240\267\345\274\217_20170509v1.3.xlsx" |  Bin 0 -> 8836 bytes
 ms/php_errors.log                                  |   23 +
 29 files changed, 2926 insertions(+), 2013 deletions(-)
 create mode 100644 cps/Lib/Action/contractAction.class_20170511.zip
 create mode 100644 "cps/Tpl/default/contract/edit_20170510\345\257\274\345\205\                                                                                                                245\345\220\210\345\220\214ok.zip"
 create mode 100644 "doc/CPS\350\201\224\347\233\237\347\263\273\347\273\237\351                                                                                                                \234\200\346\261\20220170510.docx"
 create mode 100644 "doc/cps-20170510\351\227\256\351\242\230\346\225\264\347\22                                                                                                                0\206.docx"
 create mode 100644 "doc/cps-20170510\351\227\256\351\242\230\346\225\264\347\22                                                                                                                0\206v1.2.docx"
 create mode 100644 "doc/cps-20170511\351\227\256\351\242\230\346\225\264\347\22                                                                                                                0\206.docx"
 create mode 100644 "doc/cps-20170511\351\227\256\351\242\230\346\225\264\347\22                                                                                                                0\206v1.2.docx"
 create mode 100644 "doc/git\346\233\264\346\226\260\346\227\245\345\277\227.txt                                                                                                                .bak"
 create mode 100644 doc/logo2.png
 create mode 100644 "doc/msec_20170510\345\225\206\345\223\201\350\241\250\346\2                                                                                                                67\273\345\212\240shop_id\345\255\227\346\256\265.zip"
 create mode 100644 "doc/\345\220\210\345\220\214\350\257\246\346\203\205_s10019                                                                                                                _222_20170511191148.xls"
 create mode 100644 "doc/\345\257\274\345\205\245\350\241\250\346\240\274\346\24                                                                                                                0\267\345\274\217_20170509v1.3.xlsx"

Administrator@PC-201604171411 MINGW64 /d/WWW/99_ctw/msec2.jieqiangtec.com (msec.                                                                                                                jieqiangtec.com)



".git/MERGE_MSG" 7L, 338C written
Merge made by the 'recursive' strategy.
 cps/Lib/Action/analyseAction.class.php                                                                             |  311 ++++++++++++-------------
 cps/Lib/Action/contractAction.class.php                                                                            |   94 +++++++-
 cps/Lib/Action/financeAction.class.php                                                                             |   24 +-
 cps/Lib/Action/itemsAction.class.php                                                                               | 1409 +++++++++++++++++++++++++++++++++++++++++++++++++++++++++-------------------------------------------------------
 cps/Tpl/default/analyse/index.html                                                                                 |  292 +++++++++++++++---------
 cps/Tpl/default/contract/edit.html                                                                                 |  157 ++++++-------
 "cps/Tpl/default/contract/edit_20170510\345\257\274\345\205\245\345\220\210\345\220\214ok.zip"                     |  Bin 0 -> 2174 bytes
 cps/Tpl/default/contract/index.html                                                                                |   21 +-
 cps/Tpl/default/finance/finance.html                                                                               |  580 +++++++++++++++++++++++++++++++---------------
 cps/Tpl/default/finance/push.html                                                                                  |   25 +-
 cps/Tpl/default/finance/settle.html                                                                                |  574 +++++++++++++++++++++++++++++++---------------
 cps/Tpl/default/items/index.html                                                                                   |  352 +++++++++++++---------------
 cps/Tpl/default/items/poster.html                                                                                  |  439 ++++++++++++++++++++---------------
 "doc/CPS\350\201\224\347\233\237\347\263\273\347\273\237\345\256\211\346\216\22220170506.xlsx"                     |  Bin 11140 -> 11183 bytes
 "doc/CPS\350\201\224\347\233\237\347\263\273\347\273\237\351\234\200\346\261\20220170510.docx"                     |  Bin 0 -> 2228105 bytes
 "doc/cps-20170510\351\227\256\351\242\230\346\225\264\347\220\206.docx"                                            |  Bin 0 -> 119457 bytes
 "doc/cps-20170510\351\227\256\351\242\230\346\225\264\347\220\206v1.2.docx"                                        |  Bin 0 -> 178046 bytes
 "doc/git\346\233\264\346\226\260\346\227\245\345\277\227.txt"                                                      |   13 ++
 "doc/git\346\233\264\346\226\260\346\227\245\345\277\227.txt.bak"                                                  |  132 +++++++++++
 "doc/msec_20170510\345\225\206\345\223\201\350\241\250\346\267\273\345\212\240shop_id\345\255\227\346\256\265.zip" |  Bin 0 -> 2677625 bytes
 "doc/\345\257\274\345\205\245\350\241\250\346\240\274\346\240\267\345\274\217_20170509v1.3.xlsx"                   |  Bin 0 -> 8836 bytes
 ms/php_errors.log                                                                                                  |   19 ++
 22 files changed, 2596 insertions(+), 1846 deletions(-)
 create mode 100644 "cps/Tpl/default/contract/edit_20170510\345\257\274\345\205\245\345\220\210\345\220\214ok.zip"
 create mode 100644 "doc/CPS\350\201\224\347\233\237\347\263\273\347\273\237\351\234\200\346\261\20220170510.docx"
 create mode 100644 "doc/cps-20170510\351\227\256\351\242\230\346\225\264\347\220\206.docx"
 create mode 100644 "doc/cps-20170510\351\227\256\351\242\230\346\225\264\347\220\206v1.2.docx"
 create mode 100644 "doc/git\346\233\264\346\226\260\346\227\245\345\277\227.txt.bak"
 create mode 100644 "doc/msec_20170510\345\225\206\345\223\201\350\241\250\346\267\273\345\212\240shop_id\345\255\227\346\256\265.zip"
 create mode 100644 "doc/\345\257\274\345\205\245\350\241\250\346\240\274\346\240\267\345\274\217_20170509v1.3.xlsx"

Administrator@JG76ALN7Y22GGHS MINGW64 /d/software/phpStudy/WWW/99_ctw/msec.jieqiangtec.com (msec.jieqiangtec.com)
$ git pull
Updating bf78300..85c8c29
Fast-forward
 cps/Lib/Action/contractAction.class.php            |  14 +
 cps/Lib/Action/financeAction.class.php             |  35 ++-
 cps/Tpl/default/contract/edit.html                 |  21 +-
 cps/Tpl/default/contract/index.html                |  10 +-
 cps/Tpl/default/finance/push.html                  | 332 +++++++++------------
 ...7\273\237\351\234\200\346\261\20220170509.docx" | Bin 2223586 -> 2223616 bytes
 ...33\264\346\226\260\346\227\245\345\277\227.txt" |  52 ++++
 ...56\241\350\247\204\346\240\27420170427v2.1.doc" | Bin 392117 -> 397349 bytes
 8 files changed, 264 insertions(+), 200 deletions(-)

Administrator@PC-201604171411 MINGW64 /d/WWW/99_ctw/msec2.jieqiangtec.com (msec.                                                                                                                jieqiangtec.com)
$ git pull
remote: Counting objects: 47, done.
remote: Compressing objects: 100% (18/18), done.
remote: Total 47 (delta 29), reused 43 (delta 25), pack-reused 0
Unpacking objects: 100% (47/47), done.
From github.com:1569501393/www.ctw.com
   bc4424c..bf78300  msec.jieqiangtec.com -> origin/msec.jieqiangtec.com
Updating bc4424c..bf78300
Fast-forward
 cps/Common/common.php                              |   8 +-
 cps/Lib/Action/adminAction.class.php               | 482 +++++++-------
 cps/Lib/Action/contractAction.class.php            | 713 ++++++++++++---------
 ...57\274\345\205\245\345\257\274\345\207\272.zip" | Bin 0 -> 4783 bytes
 cps/Tpl/default/contract/edit.html                 |   2 +-
 cps/Tpl/default/contract/index.html                |  12 +-
 data/contract/591152d452779.xlsx                   | Bin 0 -> 8687 bytes
 data/contract/5911aac9f1631.xlsx                   | Bin 0 -> 8687 bytes
 .../qrcode/23901b9dc3d84176eb001d386a96be9e.png    | Bin 0 -> 220 bytes
 ...7\273\237\351\234\200\346\261\20220170509.docx" | Bin 0 -> 2223586 bytes
 ...57\274\345\207\272\346\250\241\346\235\277.xls" | Bin 0 -> 6656 bytes
 ...41\265\351\235\242\345\216\237\345\236\213.zip" | Bin 0 -> 1521770 bytes
 includes/thinkphp/Common/functions.php             |   4 +-
 ms/php_errors.log                                  |   2 +
 14 files changed, 673 insertions(+), 550 deletions(-)
 create mode 100644 "cps/Lib/Action/contractAction.class_20170509excel\345\257\2                                                                                                                74\345\205\245\345\257\274\345\207\272.zip"
 create mode 100644 data/contract/591152d452779.xlsx
 create mode 100644 data/contract/5911aac9f1631.xlsx
 create mode 100644 data/upload/qrcode/23901b9dc3d84176eb001d386a96be9e.png
 create mode 100644 "doc/CPS\350\201\224\347\233\237\347\263\273\347\273\237\351                                                                                                                \234\200\346\261\20220170509.docx"
 create mode 100644 "doc/commission_20170509131938\345\220\210\345\220\214\345\2                                                                                                                57\274\345\207\272\346\250\241\346\235\277.xls"
 create mode 100644 "doc/\351\241\265\351\235\242\345\216\237\345\236\213.zip"

Administrator@PC-201604171411 MINGW64 /d/WWW/99_ctw/msec2.jieqiangtec.com (msec.                                                                                                                jieqiangtec.com)
$

~                                                                               
".git/MERGE_MSG" 8L, 339C written
Merge made by the 'recursive' strategy.
 cps/Lib/Action/contractAction.class.php            | 201 +++++++++++++----
 cps/Tpl/default/contract/edit.html                 | 249 ++++++++++++++++-----
 cps/Tpl/default/contract/index.html                |  44 ++--
 cps/Tpl/default/public/footer.html                 |  41 +++-
 ...7\273\237\351\234\200\346\261\20220170508.docx" | Bin 2223176 -> 2222337 bytes
 ...7\273\237\351\234\200\346\261\20220170508.docx" | Bin 162 -> 0 bytes
 ...6\240\274\346\240\267\345\274\217_20170509.xls" | Bin 0 -> 19968 bytes
 ...\274\346\240\267\345\274\217_20170509v1.2.xlsx" | Bin 0 -> 8687 bytes
 8 files changed, 403 insertions(+), 132 deletions(-)
 delete mode 100644 "doc/~$S\350\201\224\347\233\237\347\263\273\347\273\237\351\234\200\346\261\20220170508.docx"
 create mode 100644 "doc/\345\257\274\345\205\245\350\241\250\346\240\274\346\240\267\345\274\217_20170509.xls"
 create mode 100644 "doc/\345\257\274\345\205\245\350\241\250\346\240\274\346\240\267\345\274\217_20170509v1.2.xlsx"

Administrator@PC-201604171411 MINGW64 /d/WWW/99_ctw/msec2.jieqiangtec.com (msec.jieqiangtec.com)
$ git pull
Updating 311d17a..b39899f
Fast-forward
 cps/Lib/Action/contractAction.class.php            |  21 +-
 cps/Tpl/default/contract/index.html                | 104 ++++------
 cps/Tpl/default/role/auth.html                     |  97 ++++-----
 cps/Tpl/default/role/index.html                    |   2 +-
 ...7\273\237\351\234\200\346\261\20220170508.docx" | Bin 0 -> 2223176 bytes
 ...33\264\346\226\260\346\227\245\345\277\227.txt" |  59 ++++++
 ...26\207\346\234\254\346\226\207\346\241\243.txt" |  36 ++++
 ...07\346\234\254\346\226\207\346\241\243.txt.bak" |  39 ++++
 ms/character-edit2.php                             | 228 +++++++++++++++++++++
 ms/php_errors.log                                  |   8 +
 10 files changed, 471 insertions(+), 123 deletions(-)
 create mode 100644 "doc/CPS\350\201\224\347\233\237\347\263\273\347\273\237\351\234\200\346\261\20220170508.docx"
 create mode 100644 "doc/git\346\233\264\346\226\260\346\227\245\345\277\227.txt"
 create mode 100644 ms/character-edit2.php


Administrator@JG76ALN7Y22GGHS MINGW64 /d/software/phpStudy/WWW/99_ctw/msec.jieqi                                                                                                                                                                                               angtec.com (msec.jieqiangtec.com)
$ git pull
remote: Counting objects: 27, done.
remote: Compressing objects: 100% (8/8), done.
remote: Total 27 (delta 18), reused 27 (delta 18), pack-reused 0
Unpacking objects: 100% (27/27), done.
From https://github.com/1569501393/www.ctw.com
   e7a4d86..311d17a  msec.jieqiangtec.com -> origin/msec.jieqiangtec.com
Updating e7a4d86..311d17a
Fast-forward
 cps/Lib/Action/articleAction.class.php             | 105 ++++--
 cps/Lib/Action/baseAction.class.php                |  18 +-
 cps/Lib/Action/contractAction.class.php            |  66 ++--
 cps/Tpl/default/article/content.html               |  76 ++++
 cps/Tpl/default/article/edit.html                  |  20 -
 cps/Tpl/default/article/view.html                  |  74 ++++
 .../index - \345\211\257\346\234\254.html"         | 126 +++++++
 cps/Tpl/default/contract/index.html                | 401 ++++++++++++++-------
 cps/Tpl/default/role/auth.html                     |  14 +-
 ...3\273\347\273\237\345\256\211\346\216\222.xlsx" | Bin 0 -> 11526 bytes
 ...7\273\237\345\256\211\346\216\22220170506.xlsx" | Bin 0 -> 11140 bytes
 ...7\273\237\351\234\200\346\261\20220170506.docx" | Bin 0 -> 2222305 bytes
 ...56\241\350\247\204\346\240\27420170427v2.1.doc" | Bin 162 -> 0 bytes
 ...26\207\346\234\254\346\226\207\346\241\243.txt" |  32 ++
 ...56\241\350\247\204\346\240\27420170427v2.1.doc" | Bin 386861 -> 392117 bytes
 15 files changed, 730 insertions(+), 202 deletions(-)
 create mode 100644 cps/Tpl/default/article/content.html
 create mode 100644 cps/Tpl/default/article/view.html
 create mode 100644 "cps/Tpl/default/contract/index - \345\211\257\346\234\254.h                                                                                                                                                                                               tml"
 create mode 100644 "doc/CPS\350\201\224\347\233\237\347\263\273\347\273\237\345                                                                                                                                                                                               \256\211\346\216\222.xlsx"
 create mode 100644 "doc/CPS\350\201\224\347\233\237\347\263\273\347\273\237\345                                                                                                                                                                                               \256\211\346\216\22220170506.xlsx"
 create mode 100644 "doc/CPS\350\201\224\347\233\237\347\263\273\347\273\237\351                                                                                                                                                                                               \234\200\346\261\20220170506.docx"
 delete mode 100644 "doc/~$\347\263\273\347\273\237\346\225\260\346\215\256\345\                                                                                                                                                                                               272\223\350\256\276\350\256\241\350\247\204\346\240\27420170427v2.1.doc"


Administrator@PC-201604171411 MINGW64 /d/WWW/99_ctw/msec2.jieqiangtec.com (msec.jieqiangtec.com)
$ git pull
remote: Counting objects: 27, done.
remote: Compressing objects: 100% (11/11), done.
remote: Total 27 (delta 17), reused 23 (delta 15), pack-reused 0
Unpacking objects: 100% (27/27), done.
From github.com:1569501393/www.ctw.com
   db3fdbb..e7a4d86  msec.jieqiangtec.com -> origin/msec.jieqiangtec.com
Updating db3fdbb..e7a4d86
Fast-forward
 cps/Lib/Action/adminAction.class.php               |   3 +-
 cps/Lib/Action/publicAction.class.php              |  10 ++-
 cps/Tpl/default/public/error.html                  |  82 +++++++++------------
 cps/Tpl/default/public/error_20170505.zip          | Bin 0 -> 1358 bytes
 ...7\273\237\351\234\200\346\261\20220170505.docx" | Bin 0 -> 2199759 bytes
 ...56\241\350\247\204\346\240\27420170427v2.1.doc" | Bin 0 -> 162 bytes
 ...56\241\350\247\204\346\240\27420170427v2.1.doc" | Bin 385277 -> 386861 bytes
 ms/php_errors.log                                  |  16 ++++
 8 files changed, 57 insertions(+), 54 deletions(-)
 create mode 100644 cps/Tpl/default/public/error_20170505.zip
 create mode 100644 "doc/CPS\350\201\224\347\233\237\347\263\273\347\273\237\351\234\200\346\261\20220170505.docx"
 create mode 100644 "doc/~$\347\263\273\347\273\237\346\225\260\346\215\256\345\272\223\350\256\276\350\256\241\350\247\204\346\240\27420170427v2.1.doc"


